// Vitest Snapshot v1, https://vitest.dev/guide/snapshot.html

exports[`a partner support session (ACCESS.md §8, #331) > lists the writes an elevated session acting as an Owner is still refused 1`] = `
[
  "addSupplierPerson",
  "allowSupportWrite",
  "cancelStore",
  "changeEmail",
  "changePassword",
  "changePlan",
  "changeRole",
  "connectGateway",
  "connectStripe",
  "createApiKey",
  "denySupportWrite",
  "disconnectGateway",
  "exportActivity",
  "exportStoreData",
  "finishStripeConnect",
  "installApp",
  "inviteMember",
  "inviteSupplier",
  "keepProducts",
  "regenerateBackupCodes",
  "removeMember",
  "removeSupplier",
  "resendInvitation",
  "resumeSupplier",
  "revokeInvitation",
  "rotateApiKey",
  "saveBillingDetails",
  "saveWebhook",
  "setPaymentMethod",
  "setSecondFactor",
  "setSupplierAccess",
  "setSupplierShippingMode",
  "setSupportAccess",
  "setTheme",
  "signOutOtherSessions",
  "suspendSupplier",
  "switchStore",
  "updateProfile",
]
`;
